line1

test toBeReplaced , toBeReplaced  done

foo
